BL51 BANKED LINKER/LOCATER V6.00                                                        10/14/2010  20:30:36  PAGE 1


BL51 BANKED LINKER/LOCATER V6.00, INVOKED BY:
D:\KEIL\C51\BIN\BL51.EXE Test.obj TO test RAMSIZE (256)


MEMORY MODEL: SMALL


INPUT MODULES INCLUDED:
  Test.obj (TEST)
  D:\KEIL\C51\LIB\C51S.LIB (?C_STARTUP)
  D:\KEIL\C51\LIB\C51S.LIB (?C?COPY)
  D:\KEIL\C51\LIB\C51S.LIB (?C?CLDPTR)
  D:\KEIL\C51\LIB\C51S.LIB (?C?CSTOPTR)
  D:\KEIL\C51\LIB\C51S.LIB (?C_INIT)


LINK MAP OF MODULE:  test (TEST)


            TYPE    BASE      LENGTH    RELOCATION   SEGMENT NAME
            -----------------------------------------------------

            * * * * * * *   D A T A   M E M O R Y   * * * * * * *
            REG     0000H     0008H     ABSOLUTE     "REG BANK 0"
            DATA    0008H     000AH     UNIT         ?DT?TEST
                    0012H     000EH                  *** GAP ***
            DATA    0020H     0001H     BIT_ADDR     ?BA?TEST
            DATA    0021H     0031H     UNIT         _DATA_GROUP_
            IDATA   0052H     0001H     UNIT         ?STACK

            * * * * * * *   C O D E   M E M O R Y   * * * * * * *
            CODE    0000H     0003H     ABSOLUTE     
                    0003H     07FDH                  *** GAP ***
            CODE    0800H     0131H     UNIT         ?C?LIB_CODE
            CODE    0931H     00D2H     UNIT         ?PR?MAIN?TEST
            CODE    0A03H     008CH     UNIT         ?C_C51STARTUP
            CODE    0A8FH     0043H     UNIT         ?PR?INIT_NRF24L01?TEST
            CODE    0AD2H     0039H     UNIT         ?PR?_SPI_WRITE_BUF?TEST
            CODE    0B0BH     0031H     UNIT         ?PR?_SPI_READ_BUF?TEST
            CODE    0B3CH     002EH     UNIT         ?PR?_NRF24L01_RXPACKET?TEST
            CODE    0B6AH     002BH     UNIT         ?PR?_NRF24L01_TXPACKET?TEST
            CODE    0B95H     0028H     UNIT         ?CO?TEST
            CODE    0BBDH     0023H     UNIT         ?PR?_DELAY?TEST
            CODE    0BE0H     0019H     UNIT         ?PR?_SPI_RW?TEST
            CODE    0BF9H     0011H     UNIT         ?PR?_SPI_RW_REG?TEST
            CODE    0C0AH     0010H     UNIT         ?PR?SETRX_MODE?TEST
            CODE    0C1AH     000FH     UNIT         ?C_INITSEG
            CODE    0C29H     000DH     UNIT         ?PR?_SPI_READ?TEST
            CODE    0C36H     000BH     UNIT         ?PR?_INERDELAY_US?TEST



OVERLAY MAP OF MODULE:   test (TEST)


SEGMENT                               DATA_GROUP 
  +--> CALLED SEGMENT               START    LENGTH
---------------------------------------------------
BL51 BANKED LINKER/LOCATER V6.00                                                      10/14/2010  20:30:36  PAGE 2


?C_C51STARTUP                       -----    -----
  +--> ?PR?MAIN?TEST
  +--> ?C_INITSEG

?PR?MAIN?TEST                       0021H    0029H
  +--> ?CO?TEST
  +--> ?PR?INIT_NRF24L01?TEST
  +--> ?PR?_NRF24L01_TXPACKET?TEST
  +--> ?PR?_DELAY?TEST
  +--> ?PR?SETRX_MODE?TEST
  +--> ?PR?_NRF24L01_RXPACKET?TEST

?PR?INIT_NRF24L01?TEST              -----    -----
  +--> ?PR?_INERDELAY_US?TEST
  +--> ?PR?_SPI_WRITE_BUF?TEST
  +--> ?PR?_SPI_RW_REG?TEST

?PR?_SPI_WRITE_BUF?TEST             004DH    0005H
  +--> ?PR?_SPI_RW?TEST

?PR?_SPI_RW_REG?TEST                -----    -----
  +--> ?PR?_SPI_RW?TEST

?PR?_NRF24L01_TXPACKET?TEST         004AH    0003H
  +--> ?PR?_SPI_WRITE_BUF?TEST
  +--> ?PR?_SPI_RW_REG?TEST
  +--> ?PR?_INERDELAY_US?TEST

?PR?SETRX_MODE?TEST                 -----    -----
  +--> ?PR?_SPI_RW_REG?TEST
  +--> ?PR?_INERDELAY_US?TEST

?PR?_NRF24L01_RXPACKET?TEST         004AH    0003H
  +--> ?PR?_SPI_READ?TEST
  +--> ?PR?_SPI_READ_BUF?TEST
  +--> ?PR?_SPI_RW_REG?TEST

?PR?_SPI_READ?TEST                  -----    -----
  +--> ?PR?_SPI_RW?TEST

?PR?_SPI_READ_BUF?TEST              004DH    0005H
  +--> ?PR?_SPI_RW?TEST



SYMBOL TABLE OF MODULE:  test (TEST)

  VALUE           TYPE          NAME
  ----------------------------------

  -------         MODULE        TEST
  C:0000H         SYMBOL        _ICE_DUMMY_
  D:0080H         PUBLIC        P0
  D:0090H         PUBLIC        P1
  D:00A0H         PUBLIC        P2
  D:00B0H         PUBLIC        P3
  C:0B3CH         PUBLIC        _nRF24L01_RxPacket
BL51 BANKED LINKER/LOCATER V6.00                                                      10/14/2010  20:30:36  PAGE 3


  C:0B6AH         PUBLIC        _nRF24L01_TxPacket
  B:0090H.1       PUBLIC        CE
  D:00A8H         PUBLIC        IE
  C:0A8FH         PUBLIC        init_NRF24L01
  D:0008H         PUBLIC        RX_ADDRESS
  D:000DH         PUBLIC        TX_ADDRESS
  D:00B8H         PUBLIC        IP
  B:00A0H.6       PUBLIC        KEY1
  B:00A0H.5       PUBLIC        KEY2
  B:0020H.6       PUBLIC        RX_DR
  B:0020H.5       PUBLIC        TX_DS
  C:0931H         PUBLIC        main
  C:0B0BH         PUBLIC        _SPI_Read_Buf
  C:0C29H         PUBLIC        _SPI_Read
  D:0098H         PUBLIC        SCON
  D:0088H         PUBLIC        TCON
  B:0090H.4       PUBLIC        MOSI
  B:0090H.5       PUBLIC        MISO
  C:0AD9H         PUBLIC        _SPI_Write_Buf
  C:0C0AH         PUBLIC        SetRX_Mode
  C:0B95H         SYMBOL        _?ix1000
  C:0BA9H         SYMBOL        _?ix1001
  D:0020H         PUBLIC        sta
  C:0C36H         PUBLIC        _inerDelay_us
  C:0BBDH         PUBLIC        _Delay
  C:0BF9H         PUBLIC        _SPI_RW_Reg
  C:0BE0H         PUBLIC        _SPI_RW
  B:0090H.3       PUBLIC        SCK
  B:0090H.2       PUBLIC        CSN
  B:00A0H.4       PUBLIC        led1
  D:00C8H         PUBLIC        T2CON
  B:00B0H.5       PUBLIC        led2
  B:0020H.4       PUBLIC        MAX_RT
  D:00D0H         PUBLIC        PSW
  -------         PROC          _DELAY
  D:0006H         SYMBOL        s
  -------         DO            
  D:0004H         SYMBOL        i
  -------         ENDDO         
  C:0BBDH         LINE#         73
  C:0BBDH         LINE#         74
  C:0BBDH         LINE#         76
  C:0BCEH         LINE#         77
  C:0BDFH         LINE#         78
  -------         ENDPROC       _DELAY
  -------         PROC          _INERDELAY_US
  D:0007H         SYMBOL        n
  C:0C36H         LINE#         87
  C:0C36H         LINE#         88
  C:0C36H         LINE#         89
  C:0C3CH         LINE#         90
  C:0C40H         LINE#         91
  -------         ENDPROC       _INERDELAY_US
  -------         PROC          INIT_NRF24L01
  C:0A8FH         LINE#         95
  C:0A8FH         LINE#         96
  C:0A8FH         LINE#         97
BL51 BANKED LINKER/LOCATER V6.00                                                      10/14/2010  20:30:36  PAGE 4


  C:0A94H         LINE#         98
  C:0A96H         LINE#         99
  C:0A98H         LINE#         100
  C:0A9AH         LINE#         101
  C:0AA8H         LINE#         102
  C:0AAFH         LINE#         103
  C:0AB6H         LINE#         104
  C:0ABDH         LINE#         105
  C:0AC4H         LINE#         106
  C:0ACBH         LINE#         107
  -------         ENDPROC       INIT_NRF24L01
  -------         PROC          _SPI_RW
  D:0007H         SYMBOL        uchar
  -------         DO            
  D:0006H         SYMBOL        bit_ctr
  -------         ENDDO         
  C:0BE0H         LINE#         113
  C:0BE0H         LINE#         114
  C:0BE0H         LINE#         116
  C:0BE2H         LINE#         117
  C:0BE2H         LINE#         118
  C:0BE6H         LINE#         119
  C:0BEAH         LINE#         120
  C:0BECH         LINE#         121
  C:0BF2H         LINE#         122
  C:0BF4H         LINE#         123
  C:0BF8H         LINE#         124
  C:0BF8H         LINE#         125
  -------         ENDPROC       _SPI_RW
  -------         PROC          _SPI_READ
  D:0007H         SYMBOL        reg
  -------         DO            
  D:0007H         SYMBOL        reg_val
  -------         ENDDO         
  C:0C29H         LINE#         130
  C:0C29H         LINE#         131
  C:0C29H         LINE#         134
  C:0C2BH         LINE#         135
  C:0C2EH         LINE#         136
  C:0C33H         LINE#         137
  C:0C35H         LINE#         139
  C:0C35H         LINE#         140
  -------         ENDPROC       _SPI_READ
  -------         PROC          _SPI_RW_REG
  D:0007H         SYMBOL        reg
  D:0005H         SYMBOL        value
  -------         DO            
  D:0004H         SYMBOL        status
  -------         ENDDO         
  C:0BF9H         LINE#         144
  C:0BF9H         LINE#         145
  C:0BF9H         LINE#         148
  C:0BFBH         LINE#         149
  C:0C00H         LINE#         150
  C:0C05H         LINE#         151
  C:0C07H         LINE#         153
  C:0C09H         LINE#         154
BL51 BANKED LINKER/LOCATER V6.00                                                      10/14/2010  20:30:36  PAGE 5


  -------         ENDPROC       _SPI_RW_REG
  -------         PROC          _SPI_READ_BUF
  D:0007H         SYMBOL        reg
  D:004EH         SYMBOL        pBuf
  D:0051H         SYMBOL        uchars
  -------         DO            
  D:0005H         SYMBOL        status
  D:0004H         SYMBOL        uchar_ctr
  -------         ENDDO         
  C:0B0BH         LINE#         159
  C:0B11H         LINE#         160
  C:0B11H         LINE#         163
  C:0B13H         LINE#         164
  C:0B18H         LINE#         166
  C:0B20H         LINE#         167
  C:0B37H         LINE#         169
  C:0B39H         LINE#         171
  C:0B3BH         LINE#         172
  -------         ENDPROC       _SPI_READ_BUF
  -------         PROC          L?0043
  -------         ENDPROC       L?0043
  -------         PROC          _SPI_WRITE_BUF
  D:0007H         SYMBOL        reg
  D:004EH         SYMBOL        pBuf
  D:0051H         SYMBOL        uchars
  -------         DO            
  D:0005H         SYMBOL        status
  D:0004H         SYMBOL        uchar_ctr
  -------         ENDDO         
  C:0AD9H         LINE#         177
  C:0ADFH         LINE#         178
  C:0ADFH         LINE#         181
  C:0AE1H         LINE#         182
  C:0AE6H         LINE#         183
  C:0AEEH         LINE#         184
  C:0B06H         LINE#         185
  C:0B08H         LINE#         186
  C:0B0AH         LINE#         187
  -------         ENDPROC       _SPI_WRITE_BUF
  -------         PROC          SETRX_MODE
  C:0C0AH         LINE#         192
  C:0C0AH         LINE#         193
  C:0C0AH         LINE#         194
  C:0C0CH         LINE#         195
  C:0C13H         LINE#         196
  C:0C15H         LINE#         197
  -------         ENDPROC       SETRX_MODE
  -------         PROC          _NRF24L01_RXPACKET
  D:004AH         SYMBOL        rx_buf
  -------         DO            
  D:0003H         SYMBOL        revale
  -------         ENDDO         
  C:0B3CH         LINE#         203
  C:0B42H         LINE#         204
  C:0B42H         LINE#         205
  C:0B44H         LINE#         206
  C:0B4BH         LINE#         207
BL51 BANKED LINKER/LOCATER V6.00                                                      10/14/2010  20:30:36  PAGE 6


  C:0B4EH         LINE#         208
  C:0B4EH         LINE#         209
  C:0B50H         LINE#         210
  C:0B5EH         LINE#         211
  C:0B60H         LINE#         212
  C:0B60H         LINE#         213
  C:0B67H         LINE#         214
  C:0B69H         LINE#         215
  -------         ENDPROC       _NRF24L01_RXPACKET
  -------         PROC          _NRF24L01_TXPACKET
  D:004AH         SYMBOL        tx_buf
  C:0B6AH         LINE#         220
  C:0B70H         LINE#         221
  C:0B70H         LINE#         222
  C:0B72H         LINE#         223
  C:0B79H         LINE#         224
  C:0B87H         LINE#         225
  C:0B8EH         LINE#         226
  C:0B90H         LINE#         227
  -------         ENDPROC       _NRF24L01_TXPACKET
  -------         PROC          MAIN
  -------         DO            
  D:0021H         SYMBOL        tf
  D:0022H         SYMBOL        TxBuf
  D:0036H         SYMBOL        RxBuf
  -------         ENDDO         
  C:0931H         LINE#         230
  C:0931H         LINE#         231
  C:0931H         LINE#         232
  C:0934H         LINE#         233
  C:0945H         LINE#         234
  C:0958H         LINE#         235
  C:095BH         LINE#         236
  C:095FH         LINE#         237
  C:0962H         LINE#         238
  C:0965H         LINE#         239
  C:0968H         LINE#         240
  C:0970H         LINE#         241
  C:0977H         LINE#         242
  C:097AH         LINE#         243
  C:097AH         LINE#         244
  C:097AH         LINE#         245
  C:097DH         LINE#         246
  C:097DH         LINE#         247
  C:0980H         LINE#         248
  C:0983H         LINE#         249
  C:0985H         LINE#         250
  C:098CH         LINE#         251
  C:098EH         LINE#         252
  C:0991H         LINE#         253
  C:0991H         LINE#         254
  C:0994H         LINE#         255
  C:0994H         LINE#         256
  C:0997H         LINE#         257
  C:099AH         LINE#         258
  C:099CH         LINE#         259
  C:09A3H         LINE#         260
BL51 BANKED LINKER/LOCATER V6.00                                                      10/14/2010  20:30:36  PAGE 7


  C:09A5H         LINE#         261
  C:09A8H         LINE#         262
  C:09A8H         LINE#         263
  C:09ADH         LINE#         264
  C:09ADH         LINE#         265
  C:09B6H         LINE#         266
  C:09B9H         LINE#         267
  C:09BBH         LINE#         268
  C:09BDH         LINE#         269
  C:09C4H         LINE#         270
  C:09C4H         LINE#         271
  C:09C7H         LINE#         272
  C:09CAH         LINE#         273
  C:09CCH         LINE#         274
  C:09D3H         LINE#         275
  C:09DCH         LINE#         276
  C:09E2H         LINE#         277
  C:09E2H         LINE#         278
  C:09E7H         LINE#         279
  C:09E7H         LINE#         280
  C:09E9H         LINE#         281
  C:09E9H         LINE#         282
  C:09EEH         LINE#         283
  C:09EEH         LINE#         284
  C:09F0H         LINE#         285
  C:09F0H         LINE#         286
  C:09F7H         LINE#         287
  C:09F7H         LINE#         289
  C:09FAH         LINE#         290
  C:09FCH         LINE#         291
  C:09FEH         LINE#         292
  C:0A00H         LINE#         293
  -------         ENDPROC       MAIN
  -------         ENDMOD        TEST

  -------         MODULE        ?C?COPY
  C:08D0H         PUBLIC        ?C?COPY
  -------         ENDMOD        ?C?COPY

  -------         MODULE        ?C?CLDPTR
  C:08F6H         PUBLIC        ?C?CLDPTR
  -------         ENDMOD        ?C?CLDPTR

  -------         MODULE        ?C?CSTOPTR
  C:090FH         PUBLIC        ?C?CSTOPTR
  -------         ENDMOD        ?C?CSTOPTR

******************************************************************************
* RESTRICTED VERSION WITH 0800H BYTE CODE SIZE LIMIT; USED: 0283H BYTE (31%) *
******************************************************************************

Program Size: data=69.0 xdata=0 code=1092
LINK/LOCATE RUN COMPLETE.  0 WARNING(S),  0 ERROR(S)
